  Determining projects to restore...
  All projects are up-to-date for restore.
CSC : error MAUIX2000: Cannot resolve type "clr-namespace:Mapsui.Maui;assembly=Mapsui.Maui:MapView". [/Users/farai/Ridebase/Ridebase.Maui/Ridebase.csproj::TargetFramework=net10.0-android]
CSC : error MAUIX2000: Cannot resolve type "clr-namespace:Mapsui.Maui;assembly=Mapsui.Maui:MapView". [/Users/farai/Ridebase/Ridebase.Maui/Ridebase.csproj::TargetFramework=net10.0-android]
CSC : error MAUIX2000: Cannot resolve type "clr-namespace:Mapsui.Maui;assembly=Mapsui.Maui:MapView". [/Users/farai/Ridebase/Ridebase.Maui/Ridebase.csproj::TargetFramework=net10.0-android]
CSC : error MAUIX2000: Cannot resolve type "clr-namespace:Mapsui.Maui;assembly=Mapsui.Maui:MapView". [/Users/farai/Ridebase/Ridebase.Maui/Ridebase.csproj::TargetFramework=net10.0-android]
CSC : error MAUIX2000: Cannot resolve type "clr-namespace:Mapsui.Maui;assembly=Mapsui.Maui:MapView". [/Users/farai/Ridebase/Ridebase.Maui/Ridebase.csproj::TargetFramework=net10.0-android]
CSC : error MAUIX2000: Cannot resolve type "clr-namespace:Mapsui.Maui;assembly=Mapsui.Maui:MapView". [/Users/farai/Ridebase/Ridebase.Maui/Ridebase.csproj::TargetFramework=net10.0-android]
CSC : error MAUIX2000: Cannot resolve type "clr-namespace:Mapsui.Maui;assembly=Mapsui.Maui:MapView". [/Users/farai/Ridebase/Ridebase.Maui/Ridebase.csproj::TargetFramework=net10.0-android]
CSC : error MAUIX2000: Cannot resolve type "clr-namespace:Mapsui.Maui;assembly=Mapsui.Maui:MapView". [/Users/farai/Ridebase/Ridebase.Maui/Ridebase.csproj::TargetFramework=net10.0-android]
CSC : warning DX1001: For evaluation purposes only. Redistribution prohibited. If you own a licensed/registered version or if you are using a 30-day trial version of DevExpress product libraries on a development machine, download your personal license key (devexpress.com/DX1001) and place DevExpress_License.txt in the following folder: "%AppData%\DevExpress" (Windows) or "$HOME/Library/Application Support/DevExpress" (macOS) or "$HOME/.config/DevExpress" (Linux). Alternatively, download and run the DevExpress Unified Component Installer to automatically activate your license. [/Users/farai/Ridebase/Ridebase.Maui/Ridebase.csproj::TargetFramework=net10.0-android]
/Users/farai/Ridebase/Ridebase.Maui/Helpers/FontsCode/Faregular.cs(27,25): warning CS0108: 'Faregular.Equals' hides inherited member 'object.Equals(object?)'. Use the new keyword if hiding was intended. [/Users/farai/Ridebase/Ridebase.Maui/Ridebase.csproj::TargetFramework=net10.0-android]
/Users/farai/Ridebase/Ridebase.Maui/obj/Debug/net10.0-android/Microsoft.Maui.Controls.SourceGen/Microsoft.Maui.Controls.SourceGen.XamlGenerator/Pages_Rider_RideDetailsPage.xaml.sg.cs(21,74): error CS0103: The name 'OsmMap' does not exist in the current context [/Users/farai/Ridebase/Ridebase.Maui/Ridebase.csproj::TargetFramework=net10.0-android]
/Users/farai/Ridebase/Ridebase.Maui/obj/Debug/net10.0-android/Microsoft.Maui.Controls.SourceGen/Microsoft.Maui.Controls.SourceGen.XamlGenerator/Pages_Rider_HomePage.xaml.sg.cs(57,74): error CS0103: The name 'OsmMap' does not exist in the current context [/Users/farai/Ridebase/Ridebase.Maui/Ridebase.csproj::TargetFramework=net10.0-android]
/Users/farai/Ridebase/Ridebase.Maui/ViewModels/Onboarding/OnboardingDriverViewModel.cs(12,43): warning CS0108: 'OnboardingDriverViewModel.onboardingApiClient' hides inherited member 'BaseViewModel.onboardingApiClient'. Use the new keyword if hiding was intended. [/Users/farai/Ridebase/Ridebase.Maui/Ridebase.csproj::TargetFramework=net10.0-android]
/Users/farai/Ridebase/Ridebase.Maui/ViewModels/Onboarding/OnboardingDriverViewModel.cs(13,42): warning CS0108: 'OnboardingDriverViewModel.userSessionService' hides inherited member 'BaseViewModel.userSessionService'. Use the new keyword if hiding was intended. [/Users/farai/Ridebase/Ridebase.Maui/Ridebase.csproj::TargetFramework=net10.0-android]
/Users/farai/Ridebase/Ridebase.Maui/ViewModels/Driver/DriverProfileViewModel.cs(19,43): warning CS0108: 'DriverProfileViewModel.onboardingApiClient' hides inherited member 'BaseViewModel.onboardingApiClient'. Use the new keyword if hiding was intended. [/Users/farai/Ridebase/Ridebase.Maui/Ridebase.csproj::TargetFramework=net10.0-android]
/Users/farai/Ridebase/Ridebase.Maui/ViewModels/Rider/ProfileViewModel.cs(13,43): warning CS0108: 'ProfileViewModel.onboardingApiClient' hides inherited member 'BaseViewModel.onboardingApiClient'. Use the new keyword if hiding was intended. [/Users/farai/Ridebase/Ridebase.Maui/Ridebase.csproj::TargetFramework=net10.0-android]

Build FAILED.

CSC : warning DX1001: For evaluation purposes only. Redistribution prohibited. If you own a licensed/registered version or if you are using a 30-day trial version of DevExpress product libraries on a development machine, download your personal license key (devexpress.com/DX1001) and place DevExpress_License.txt in the following folder: "%AppData%\DevExpress" (Windows) or "$HOME/Library/Application Support/DevExpress" (macOS) or "$HOME/.config/DevExpress" (Linux). Alternatively, download and run the DevExpress Unified Component Installer to automatically activate your license. [/Users/farai/Ridebase/Ridebase.Maui/Ridebase.csproj::TargetFramework=net10.0-android]
/Users/farai/Ridebase/Ridebase.Maui/Helpers/FontsCode/Faregular.cs(27,25): warning CS0108: 'Faregular.Equals' hides inherited member 'object.Equals(object?)'. Use the new keyword if hiding was intended. [/Users/farai/Ridebase/Ridebase.Maui/Ridebase.csproj::TargetFramework=net10.0-android]
/Users/farai/Ridebase/Ridebase.Maui/ViewModels/Onboarding/OnboardingDriverViewModel.cs(12,43): warning CS0108: 'OnboardingDriverViewModel.onboardingApiClient' hides inherited member 'BaseViewModel.onboardingApiClient'. Use the new keyword if hiding was intended. [/Users/farai/Ridebase/Ridebase.Maui/Ridebase.csproj::TargetFramework=net10.0-android]
/Users/farai/Ridebase/Ridebase.Maui/ViewModels/Onboarding/OnboardingDriverViewModel.cs(13,42): warning CS0108: 'OnboardingDriverViewModel.userSessionService' hides inherited member 'BaseViewModel.userSessionService'. Use the new keyword if hiding was intended. [/Users/farai/Ridebase/Ridebase.Maui/Ridebase.csproj::TargetFramework=net10.0-android]
/Users/farai/Ridebase/Ridebase.Maui/ViewModels/Driver/DriverProfileViewModel.cs(19,43): warning CS0108: 'DriverProfileViewModel.onboardingApiClient' hides inherited member 'BaseViewModel.onboardingApiClient'. Use the new keyword if hiding was intended. [/Users/farai/Ridebase/Ridebase.Maui/Ridebase.csproj::TargetFramework=net10.0-android]
/Users/farai/Ridebase/Ridebase.Maui/ViewModels/Rider/ProfileViewModel.cs(13,43): warning CS0108: 'ProfileViewModel.onboardingApiClient' hides inherited member 'BaseViewModel.onboardingApiClient'. Use the new keyword if hiding was intended. [/Users/farai/Ridebase/Ridebase.Maui/Ridebase.csproj::TargetFramework=net10.0-android]
CSC : error MAUIX2000: Cannot resolve type "clr-namespace:Mapsui.Maui;assembly=Mapsui.Maui:MapView". [/Users/farai/Ridebase/Ridebase.Maui/Ridebase.csproj::TargetFramework=net10.0-android]
CSC : error MAUIX2000: Cannot resolve type "clr-namespace:Mapsui.Maui;assembly=Mapsui.Maui:MapView". [/Users/farai/Ridebase/Ridebase.Maui/Ridebase.csproj::TargetFramework=net10.0-android]
CSC : error MAUIX2000: Cannot resolve type "clr-namespace:Mapsui.Maui;assembly=Mapsui.Maui:MapView". [/Users/farai/Ridebase/Ridebase.Maui/Ridebase.csproj::TargetFramework=net10.0-android]
CSC : error MAUIX2000: Cannot resolve type "clr-namespace:Mapsui.Maui;assembly=Mapsui.Maui:MapView". [/Users/farai/Ridebase/Ridebase.Maui/Ridebase.csproj::TargetFramework=net10.0-android]
CSC : error MAUIX2000: Cannot resolve type "clr-namespace:Mapsui.Maui;assembly=Mapsui.Maui:MapView". [/Users/farai/Ridebase/Ridebase.Maui/Ridebase.csproj::TargetFramework=net10.0-android]
CSC : error MAUIX2000: Cannot resolve type "clr-namespace:Mapsui.Maui;assembly=Mapsui.Maui:MapView". [/Users/farai/Ridebase/Ridebase.Maui/Ridebase.csproj::TargetFramework=net10.0-android]
CSC : error MAUIX2000: Cannot resolve type "clr-namespace:Mapsui.Maui;assembly=Mapsui.Maui:MapView". [/Users/farai/Ridebase/Ridebase.Maui/Ridebase.csproj::TargetFramework=net10.0-android]
CSC : error MAUIX2000: Cannot resolve type "clr-namespace:Mapsui.Maui;assembly=Mapsui.Maui:MapView". [/Users/farai/Ridebase/Ridebase.Maui/Ridebase.csproj::TargetFramework=net10.0-android]
/Users/farai/Ridebase/Ridebase.Maui/obj/Debug/net10.0-android/Microsoft.Maui.Controls.SourceGen/Microsoft.Maui.Controls.SourceGen.XamlGenerator/Pages_Rider_RideDetailsPage.xaml.sg.cs(21,74): error CS0103: The name 'OsmMap' does not exist in the current context [/Users/farai/Ridebase/Ridebase.Maui/Ridebase.csproj::TargetFramework=net10.0-android]
/Users/farai/Ridebase/Ridebase.Maui/obj/Debug/net10.0-android/Microsoft.Maui.Controls.SourceGen/Microsoft.Maui.Controls.SourceGen.XamlGenerator/Pages_Rider_HomePage.xaml.sg.cs(57,74): error CS0103: The name 'OsmMap' does not exist in the current context [/Users/farai/Ridebase/Ridebase.Maui/Ridebase.csproj::TargetFramework=net10.0-android]
    6 Warning(s)
    10 Error(s)

Time Elapsed 00:00:00.85
